cwd: /
cwd: /programs/inputs
the quick brown fox jumps over the lazy dog
going to ..
cwd: /programs
