Renamed 'programs/inputs/rename.txt' to 'temp_file.txt'.
Renamed 'temp_file.txt' back to 'programs/inputs/rename.txt'.
