Information for programs/inputs/file.txt
---------------------------
File Size: 		44 bytes
File Permissions: 	-rw-rw-r--
