Original content written to 'programs/inputs/truncate.txt'.
File 'programs/inputs/truncate.txt' truncated to 10 bytes.
Original content restored in 'programs/inputs/truncate.txt'.
