System name:    Linux LFI
Node name:      
Release:        4.5.0-lfi
Version:        0.0.0-unknown
